Result in test3 are :
Merge Sort runtime is: 0.155s
Quick Sort runtime is: 0.144s
Heap Sort runtime is: 0.523s
std::sort in C++ runtime is: 0.123s
